
> my-v0-project@0.1.0 build
> next build

node.exe : [baseline-browser-mapping] The data in this module is over two 
months old.  To ensure accurate Baseline data, please update: `npm i 
baseline-browser-mapping@latest -D`
At line:1 char:1
+ & "C:\Program Files\nodejs/node.exe" "C:\Program Files\nodejs/node_mo ...
+ ~~~~~~~~~~~~~~~~~~~~~~~~~~~~~~~~~~~~~~~~~~~~~~~~~~~~~~~~~~~~~~~~~~~~~
    + CategoryInfo          : NotSpecified: ([baseline-brows...ping@latest -D` 
   :String) [], RemoteException
    + FullyQualifiedErrorId : NativeCommandError
 
   Gû¦ Next.js 16.0.10 (Turbopack)
   - Environments: .env.local

   Creating an optimized production build ...
[baseline-browser-mapping] The data in this module is over two months old.  To 
ensure accurate Baseline data, please update: `npm i 
baseline-browser-mapping@latest -D`

> Build error occurred
Error: Turbopack build failed with 2 errors:
./app/blog/page.tsx:301:1
Parsing ecmascript source code failed
[0m [90m 299 |[39m     [33m<[39m[33m/[39m[33mdiv[39m[33m>[39m
 [90m 300 |[39m   )
[31m[1m>[22m[39m[90m 301 |[39m }
 [90m     |[39m [31m[1m^[22m[39m
 [90m 302 |[39m[0m

Unexpected token. Did you mean `{'}'}` or `&rbrace;`?


./app/publication/page.tsx:221:1
Parsing ecmascript source code failed
[0m [90m 219 |[39m     [33m<[39m[33m/[39m[33mdiv[39m[33m>[39m
 [90m 220 |[39m   )[33m;[39m
[31m[1m>[22m[39m[90m 221 |[39m }
 [90m     |[39m [31m[1m^[22m[39m
 [90m 222 |[39m[0m

Unexpected token. Did you mean `{'}'}` or `&rbrace;`?


    at <unknown> (./app/blog/page.tsx:301:1)
    at <unknown> (./app/publication/page.tsx:221:1)

